/TEST_OUTPUT/workspace/types.go:25:7 SharedConstant Constant (in github.com/isaacphi/mcp-language-server/integrationtests/test-output/go/workspace)
/TEST_OUTPUT/workspace/types.go:10:2 SharedStruct.Constants Field (in github.com/isaacphi/mcp-language-server/integrationtests/test-output/go/workspace)